// Jest Snapshot v1, https://goo.gl/fbAQLP

exports[`expect to render CardList component 1`] = `
<div>
  <Card
    email="bob@robobs.com"
    id={1}
    key="0"
    name="Bob Robobob"
  />
</div>
`;
